// Jest Snapshot v1, https://goo.gl/fbAQLP

exports[`Slots Store Reducer initial state should match a snapshot 1`] = `
Object {
  "data": Object {
    "value": Array [],
  },
  "metadata": Object {
    "fetchError": false,
    "fetchErrorObject": [Error],
    "loading": false,
    "updateError": false,
    "updateErrorObject": [Error],
    "updating": false,
  },
}
`;
