// Jest Snapshot v1, https://goo.gl/fbAQLP

exports[`Get Arm App Setting Objects Converts app settings to app settings with slot config tick 1`] = `
Object {
  "config": Object {
    "id": "/subscriptions/sub/resourceGroups/azure-functions-react-test/providers/Microsoft.Web/sites/azure-functions-react-test/config/web",
    "location": "Central US",
    "name": "azure-functions-react-test",
    "properties": Object {
      "alwaysOn": false,
      "apiDefinition": null,
      "appCommandLine": "",
      "appSettings": null,
      "autoHealEnabled": false,
      "autoHealRules": null,
      "autoSwapSlotName": null,
      "azureStorageAccounts": Object {},
      "connectionStrings": null,
      "cors": null,
      "customAppPoolIdentityAdminState": false,
      "customAppPoolIdentityTenantState": false,
      "defaultDocuments": Array [
        "Default.htm",
        "Default.html",
        "Default.asp",
        "index.htm",
        "index.html",
        "iisstart.htm",
        "default.aspx",
        "index.php",
        "hostingstart.html",
      ],
      "detailedErrorLoggingEnabled": false,
      "documentRoot": null,
      "experiments": Object {
        "rampUpRules": Array [],
      },
      "ftpsState": "AllAllowed",
      "handlerMappings": Array [
        Object {
          "arguments": "asdasdasd",
          "extension": "sdasdasdas",
          "scriptProcessor": "asdasdasda",
        },
      ],
      "http20Enabled": false,
      "httpLoggingEnabled": false,
      "ipSecurityRestrictions": null,
      "javaContainer": "",
      "javaContainerVersion": "",
      "javaVersion": "",
      "limits": null,
      "linuxFxVersion": "",
      "loadBalancing": "LeastRequests",
      "localMySqlEnabled": false,
      "logsDirectorySizeLimit": 35,
      "machineKey": null,
      "managedPipelineMode": 0,
      "managedServiceIdentityid": "",
      "metadata": null,
      "minTlsVersion": "1.2",
      "netFrameworkVersion": "v4.0",
      "nodeVersion": "",
      "numberOfWorkers": 1,
      "phpVersion": "5.6",
      "publishingPassword": null,
      "publishingUsername": "$azure-functions-react-test",
      "push": null,
      "pythonVersion": "",
      "remoteDebuggingEnabled": false,
      "remoteDebuggingVersion": "VS2012",
      "requestTracingEnabled": false,
      "reservedInstanceCount": 0,
      "routingRules": Array [],
      "runtimeADUser": null,
      "runtimeADUserPassword": null,
      "scmType": "VSTSRM",
      "siteAuthEnabled": false,
      "siteAuthSettings": Object {
        "additionalLoginParams": null,
        "allowedAudiences": null,
        "allowedExternalRedirectUrls": null,
        "clientSecret": null,
        "clientid": "",
        "defaultProvider": null,
        "enabled": null,
        "facebookAppSecret": null,
        "facebookAppid": "",
        "facebookOAuthScopes": null,
        "googleClientSecret": null,
        "googleClientid": "",
        "googleOAuthScopes": null,
        "isAadAutoProvisioned": false,
        "issuer": null,
        "microsoftAccountClientSecret": null,
        "microsoftAccountClientid": "",
        "microsoftAccountOAuthScopes": null,
        "tokenStoreEnabled": null,
        "twitterConsumerKey": null,
        "twitterConsumerSecret": null,
        "unauthenticatedClientAction": null,
      },
      "tracingOptions": null,
      "use32BitWorkerProcess": true,
      "virtualApplications": Array [
        Object {
          "physicalPath": "site\\\\testapp",
          "preloadEnabled": false,
          "virtualDirectories": Array [
            Object {
              "physicalPath": "site\\\\wwwroot\\\\dir",
              "virtualDirectory": true,
              "virtualPath": "/test2",
            },
          ],
          "virtualDirectory": false,
          "virtualPath": "/testapp",
        },
        Object {
          "physicalPath": "site\\\\wwwroot",
          "preloadEnabled": true,
          "virtualDirectories": Array [],
          "virtualDirectory": false,
          "virtualPath": "/",
        },
      ],
      "vnetName": "",
      "webSocketsEnabled": false,
      "winAuthAdminState": 0,
      "winAuthTenantState": 0,
      "windowsFxVersion": null,
      "xManagedServiceIdentityid": "",
    },
    "type": "Microsoft.Web/sites/config",
  },
  "site": Object {
    "id": "/subscriptions/sub/resourceGroups/azure-functions-react-test/providers/Microsoft.Web/sites/azure-functions-react-test",
    "kind": "app,linux",
    "location": "Central US",
    "name": "azure-functions-react-test",
    "properties": Object {
      "adminEnabled": true,
      "availabilityState": "Normal",
      "cers": null,
      "clientAffinityEnabled": true,
      "clientCertEnabled": false,
      "cloningInfo": null,
      "computeMode": null,
      "containerSize": 0,
      "contentAvailabilityState": "Normal",
      "csrs": Array [],
      "dailyMemoryTimeQuota": 0,
      "defaultHostName": "azure-functions-react-test.azurewebsites.net",
      "deploymentId": "azure-functions-react-test",
      "domainVerificationIdentifiers": null,
      "enabled": true,
      "enabledHostNames": Array [
        "azure-functions-react-test.azurewebsites.net",
        "azure-functions-react-test.scm.azurewebsites.net",
      ],
      "functionExecutionUnitsCache": null,
      "homeStamp": "waws-prod-dm1-027",
      "hostNameSslStates": Array [
        Object {
          "hostType": "Standard",
          "ipBasedSslResult": null,
          "ipBasedSslState": "NotConfigured",
          "name": "azure-functions-react-test.azurewebsites.net",
          "sslState": "Disabled",
          "thumbprint": null,
          "toUpdate": null,
          "toUpdateIpBasedSsl": null,
          "virtualIP": null,
        },
        Object {
          "hostType": "Repository",
          "ipBasedSslResult": null,
          "ipBasedSslState": "NotConfigured",
          "name": "azure-functions-react-test.scm.azurewebsites.net",
          "sslState": "Disabled",
          "thumbprint": null,
          "toUpdate": null,
          "toUpdateIpBasedSsl": null,
          "virtualIP": null,
        },
      ],
      "hostNames": Array [
        "azure-functions-react-test.azurewebsites.net",
      ],
      "hostNamesDisabled": false,
      "hostingEnvironment": null,
      "hostingEnvironmentProfile": null,
      "hostingEnvironmentid": "",
      "httpsOnly": false,
      "isXenon": false,
      "kind": "app",
      "lastModifiedTimeUtc": "2018-10-17T17:34:08.6533333",
      "maxNumberOfWorkers": null,
      "name": "azure-functions-react-test",
      "outboundIpAddresses": "52.173.249.137,52.176.59.177,52.173.201.190,52.173.203.66,52.173.251.28",
      "owner": null,
      "possibleOutboundIpAddresses": "52.173.249.137,52.176.59.177,52.173.201.190,52.173.203.66,52.173.251.28,52.173.202.202,52.173.200.111",
      "repositorySiteName": "azure-functions-react-test",
      "reserved": false,
      "resourceGroup": "azure-functions-react-test",
      "runtimeAvailabilityState": "Normal",
      "scmSiteAlsoStopped": false,
      "selfLink": "https://waws-prod-dm1-027.api.azurewebsites.windows.net:454/subscriptions/sub/webspaces/azure-functions-react-test-CentralUSwebspace/sites/azure-functions-react-test",
      "serverFarm": null,
      "serverFarmId": "/subscriptions/sub/resourceGroups/azure-functions-react-test/providers/Microsoft.Web/serverfarms/ServicePlan9131048f-9b79",
      "siteConfig": Object {
        "appSettings": Array [
          Object {
            "name": "MSDEPLOY_RENAME_LOCKED_FILES",
            "value": "1",
          },
          Object {
            "name": "TEST_NAME",
            "value": "TEST_VALUE",
          },
        ],
        "connectionStrings": Array [
          Object {
            "connectionString": "TEST_CONNECTION_VALUE",
            "name": "TEST_CONNECTION",
            "type": 1,
          },
        ],
        "metadata": Array [
          Object {
            "name": "CURRENT_STACK",
            "value": "dotnet",
          },
        ],
      },
      "siteDisabledReason": 0,
      "siteMode": null,
      "siteProperties": Object {
        "appSettings": null,
        "metadata": null,
        "properties": Array [
          Object {
            "name": "LinuxFxVersion",
            "value": "TOMCAT|8.5-jre8",
          },
          Object {
            "name": "WindowsFxVersion",
            "value": null,
          },
        ],
      },
      "sku": "Standard",
      "slotSwapStatus": null,
      "sslCertificates": null,
      "state": "Running",
      "storageRecoveryDefaultState": "Running",
      "suspendedTill": null,
      "tags": null,
      "targetSwapSlot": null,
      "trafficManagerHostNames": null,
      "usageState": "Normal",
      "webSpace": "azure-functions-react-test-CentralUSwebspace",
    },
    "type": "Microsoft.Web/sites",
  },
  "slotConfigNames": Object {
    "id": "",
    "name": "",
    "properties": Object {
      "appSettingNames": Array [
        "TEST_NAME",
      ],
      "azureStorageConfigNames": null,
      "connectionStringNames": Array [
        "TEST_CONNECTION",
      ],
    },
  },
}
`;
