// Jest Snapshot v1, https://goo.gl/fbAQLP

exports[`App Settings Shallow Testing renders correctly: app-settings-form 1`] = `
ShallowWrapper {
  Symbol(enzyme.__root__): [Circular],
  Symbol(enzyme.__unrendered__): <AppSettings
    appSettings={Array []}
    config={
      Object {
        "id": "/subscriptions/subid/resourceGroups/rg/providers/Microsoft.Web/sites/siteName/config/web",
        "location": "West US",
        "name": "siteName",
        "properties": Object {
          "alwaysOn": false,
          "appCommandLine": "",
          "autoHealEnabled": false,
          "azureStorageAccounts": Object {},
          "customAppPoolIdentityAdminState": false,
          "customAppPoolIdentityTenantState": false,
          "defaultDocuments": Array [
            "Default.htm",
            "Default.html",
            "Default.asp",
            "index.htm",
            "index.html",
            "iisstart.htm",
            "default.aspx",
            "index.php",
            "hostingstart.html",
          ],
          "detailedErrorLoggingEnabled": false,
          "ftpsState": "AllAllowed",
          "http20Enabled": false,
          "httpLoggingEnabled": false,
          "linuxFxVersion": "",
          "loadBalancing": 1,
          "localMySqlEnabled": false,
          "logsDirectorySizeLimit": 35,
          "managedPipelineMode": 0,
          "minTlsVersion": "1.2",
          "netFrameworkVersion": "v4.0",
          "nodeVersion": "",
          "numberOfWorkers": 1,
          "phpVersion": "5.6",
          "publishingUsername": "$siteName",
          "pythonVersion": "",
          "remoteDebuggingEnabled": false,
          "requestTracingEnabled": false,
          "reservedInstanceCount": 0,
          "scmType": "None",
          "siteAuthEnabled": false,
          "use32BitWorkerProcess": true,
          "vnetName": "",
          "webSocketsEnabled": false,
          "winAuthAdminState": 0,
          "winAuthTenantState": 0,
          "windowsFxVersion": "",
        },
        "type": "Microsoft.Web/sites/config",
      }
    }
    connectionStrings={Array []}
    currentlySelectedStack="dotnet"
    fetchConfig={
      [MockFunction] {
        "calls": Array [
          Array [],
          Array [],
        ],
      }
    }
    fetchConnStrings={
      [MockFunction] {
        "calls": Array [
          Array [],
          Array [],
        ],
      }
    }
    fetchSettings={
      [MockFunction] {
        "calls": Array [
          Array [],
          Array [],
        ],
      }
    }
    fetchSite={
      [MockFunction] {
        "calls": Array [
          Array [],
          Array [],
        ],
      }
    }
    fetchStacks={
      [MockFunction] {
        "calls": Array [
          Array [],
          Array [],
        ],
      }
    }
    site={
      Object {
        "id": "/subscriptions/subid/resourceGroups/rg/providers/Microsoft.Web/sites/siteName",
        "kind": "app",
        "location": "West US",
        "name": "siteName",
        "properties": Object {
          "adminEnabled": true,
          "availabilityState": 0,
          "clientAffinityEnabled": true,
          "clientCertEnabled": false,
          "containerSize": 0,
          "contentAvailabilityState": 0,
          "dailyMemoryTimeQuota": 0,
          "defaultHostName": "siteName.azurewebsites.net",
          "deploymentId": "siteName",
          "enabled": true,
          "enabledHostNames": Array [
            "siteName.azurewebsites.net",
            "siteName.scm.azurewebsites.net",
          ],
          "homeStamp": "waws-prod-bay-061",
          "hostNameSslStates": Array [
            Object {
              "hostType": 0,
              "ipBasedSslState": 0,
              "name": "siteName.azurewebsites.net",
              "sslState": 0,
            },
            Object {
              "hostType": 1,
              "ipBasedSslState": 0,
              "name": "siteName.scm.azurewebsites.net",
              "sslState": 0,
            },
          ],
          "hostNames": Array [
            "siteName.azurewebsites.net",
          ],
          "hostNamesDisabled": false,
          "httpsOnly": false,
          "isXenon": false,
          "kind": "app",
          "lastModifiedTimeUtc": "2018-10-14T06:37:18.417",
          "name": "siteName",
          "outboundIpAddresses": "40.118.255.137,40.118.255.231,40.118.250.218,40.118.252.35",
          "possibleOutboundIpAddresses": "40.118.255.137,40.118.255.231,40.118.250.218,40.118.252.35,40.118.255.137,40.118.255.231,40.118.250.218,40.118.252.35",
          "repositorySiteName": "siteName",
          "reserved": false,
          "resourceGroup": "rg",
          "runtimeAvailabilityState": 0,
          "scmSiteAlsoStopped": false,
          "selfLink": "https://waws-prod-bay-061.api.azurewebsites.windows.net:454/subscriptions/subid/webspaces/ZUMO-Not-Delete-WestUSwebspace/sites/siteName",
          "serverFarmId": "/subscriptions/subid/resourceGroups/ZUMO-Not-Delete/providers/Microsoft.Web/serverfarms/DefaultTier1ServerFarm",
          "siteDisabledReason": 0,
          "siteProperties": Object {
            "properties": Array [
              Object {
                "name": "LinuxFxVersion",
                "value": "",
              },
              Object {
                "name": "WindowsFxVersion",
                "value": "",
              },
            ],
          },
          "sku": "Standard",
          "state": "Running",
          "storageRecoveryDefaultState": "Running",
          "usageState": 0,
          "webSpace": "",
        },
        "type": "Microsoft.Web/sites",
      }
    }
    t={[Function]}
    updateConfig={[MockFunction]}
    updateSite={[MockFunction]}
    virtualApplications={
      Array [
        Object {
          "physicalPath": "site\\\\wwwroot",
          "preloadEnabled": false,
          "virtualDirectories": Array [],
          "virtualDirectory": false,
          "virtualPath": "/",
        },
      ]
    }
  />,
  Symbol(enzyme.__renderer__): Object {
    "batchedUpdates": [Function],
    "getNode": [Function],
    "render": [Function],
    "simulateError": [Function],
    "simulateEvent": [Function],
    "unmount": [Function],
  },
  Symbol(enzyme.__node__): Object {
    "instance": null,
    "key": undefined,
    "nodeType": "class",
    "props": Object {
      "children": [Function],
      "enableReinitialize": true,
      "initialValues": Object {
        "appSettings": Array [],
        "config": Object {
          "id": "/subscriptions/subid/resourceGroups/rg/providers/Microsoft.Web/sites/siteName/config/web",
          "location": "West US",
          "name": "siteName",
          "properties": Object {
            "alwaysOn": false,
            "appCommandLine": "",
            "autoHealEnabled": false,
            "azureStorageAccounts": Object {},
            "customAppPoolIdentityAdminState": false,
            "customAppPoolIdentityTenantState": false,
            "defaultDocuments": Array [
              "Default.htm",
              "Default.html",
              "Default.asp",
              "index.htm",
              "index.html",
              "iisstart.htm",
              "default.aspx",
              "index.php",
              "hostingstart.html",
            ],
            "detailedErrorLoggingEnabled": false,
            "ftpsState": "AllAllowed",
            "http20Enabled": false,
            "httpLoggingEnabled": false,
            "linuxFxVersion": "",
            "loadBalancing": 1,
            "localMySqlEnabled": false,
            "logsDirectorySizeLimit": 35,
            "managedPipelineMode": 0,
            "minTlsVersion": "1.2",
            "netFrameworkVersion": "v4.0",
            "nodeVersion": "",
            "numberOfWorkers": 1,
            "phpVersion": "5.6",
            "publishingUsername": "$siteName",
            "pythonVersion": "",
            "remoteDebuggingEnabled": false,
            "requestTracingEnabled": false,
            "reservedInstanceCount": 0,
            "scmType": "None",
            "siteAuthEnabled": false,
            "use32BitWorkerProcess": true,
            "vnetName": "",
            "webSocketsEnabled": false,
            "winAuthAdminState": 0,
            "winAuthTenantState": 0,
            "windowsFxVersion": "",
          },
          "type": "Microsoft.Web/sites/config",
        },
        "connectionStrings": Array [],
        "currentlySelectedStack": "dotnet",
        "site": Object {
          "id": "/subscriptions/subid/resourceGroups/rg/providers/Microsoft.Web/sites/siteName",
          "kind": "app",
          "location": "West US",
          "name": "siteName",
          "properties": Object {
            "adminEnabled": true,
            "availabilityState": 0,
            "clientAffinityEnabled": true,
            "clientCertEnabled": false,
            "containerSize": 0,
            "contentAvailabilityState": 0,
            "dailyMemoryTimeQuota": 0,
            "defaultHostName": "siteName.azurewebsites.net",
            "deploymentId": "siteName",
            "enabled": true,
            "enabledHostNames": Array [
              "siteName.azurewebsites.net",
              "siteName.scm.azurewebsites.net",
            ],
            "homeStamp": "waws-prod-bay-061",
            "hostNameSslStates": Array [
              Object {
                "hostType": 0,
                "ipBasedSslState": 0,
                "name": "siteName.azurewebsites.net",
                "sslState": 0,
              },
              Object {
                "hostType": 1,
                "ipBasedSslState": 0,
                "name": "siteName.scm.azurewebsites.net",
                "sslState": 0,
              },
            ],
            "hostNames": Array [
              "siteName.azurewebsites.net",
            ],
            "hostNamesDisabled": false,
            "httpsOnly": false,
            "isXenon": false,
            "kind": "app",
            "lastModifiedTimeUtc": "2018-10-14T06:37:18.417",
            "name": "siteName",
            "outboundIpAddresses": "40.118.255.137,40.118.255.231,40.118.250.218,40.118.252.35",
            "possibleOutboundIpAddresses": "40.118.255.137,40.118.255.231,40.118.250.218,40.118.252.35,40.118.255.137,40.118.255.231,40.118.250.218,40.118.252.35",
            "repositorySiteName": "siteName",
            "reserved": false,
            "resourceGroup": "rg",
            "runtimeAvailabilityState": 0,
            "scmSiteAlsoStopped": false,
            "selfLink": "https://waws-prod-bay-061.api.azurewebsites.windows.net:454/subscriptions/subid/webspaces/ZUMO-Not-Delete-WestUSwebspace/sites/siteName",
            "serverFarmId": "/subscriptions/subid/resourceGroups/ZUMO-Not-Delete/providers/Microsoft.Web/serverfarms/DefaultTier1ServerFarm",
            "siteDisabledReason": 0,
            "siteProperties": Object {
              "properties": Array [
                Object {
                  "name": "LinuxFxVersion",
                  "value": "",
                },
                Object {
                  "name": "WindowsFxVersion",
                  "value": "",
                },
              ],
            },
            "sku": "Standard",
            "state": "Running",
            "storageRecoveryDefaultState": "Running",
            "usageState": 0,
            "webSpace": "",
          },
          "type": "Microsoft.Web/sites",
        },
        "virtualApplications": Array [
          Object {
            "physicalPath": "site\\\\wwwroot",
            "preloadEnabled": false,
            "virtualDirectories": Array [],
            "virtualDirectory": false,
            "virtualPath": "/",
          },
        ],
      },
      "isInitialValid": false,
      "onSubmit": [Function],
      "validateOnBlur": true,
      "validateOnChange": true,
    },
    "ref": null,
    "rendered": [Function],
    "type": [Function],
  },
  Symbol(enzyme.__nodes__): Array [
    Object {
      "instance": null,
      "key": undefined,
      "nodeType": "class",
      "props": Object {
        "children": [Function],
        "enableReinitialize": true,
        "initialValues": Object {
          "appSettings": Array [],
          "config": Object {
            "id": "/subscriptions/subid/resourceGroups/rg/providers/Microsoft.Web/sites/siteName/config/web",
            "location": "West US",
            "name": "siteName",
            "properties": Object {
              "alwaysOn": false,
              "appCommandLine": "",
              "autoHealEnabled": false,
              "azureStorageAccounts": Object {},
              "customAppPoolIdentityAdminState": false,
              "customAppPoolIdentityTenantState": false,
              "defaultDocuments": Array [
                "Default.htm",
                "Default.html",
                "Default.asp",
                "index.htm",
                "index.html",
                "iisstart.htm",
                "default.aspx",
                "index.php",
                "hostingstart.html",
              ],
              "detailedErrorLoggingEnabled": false,
              "ftpsState": "AllAllowed",
              "http20Enabled": false,
              "httpLoggingEnabled": false,
              "linuxFxVersion": "",
              "loadBalancing": 1,
              "localMySqlEnabled": false,
              "logsDirectorySizeLimit": 35,
              "managedPipelineMode": 0,
              "minTlsVersion": "1.2",
              "netFrameworkVersion": "v4.0",
              "nodeVersion": "",
              "numberOfWorkers": 1,
              "phpVersion": "5.6",
              "publishingUsername": "$siteName",
              "pythonVersion": "",
              "remoteDebuggingEnabled": false,
              "requestTracingEnabled": false,
              "reservedInstanceCount": 0,
              "scmType": "None",
              "siteAuthEnabled": false,
              "use32BitWorkerProcess": true,
              "vnetName": "",
              "webSocketsEnabled": false,
              "winAuthAdminState": 0,
              "winAuthTenantState": 0,
              "windowsFxVersion": "",
            },
            "type": "Microsoft.Web/sites/config",
          },
          "connectionStrings": Array [],
          "currentlySelectedStack": "dotnet",
          "site": Object {
            "id": "/subscriptions/subid/resourceGroups/rg/providers/Microsoft.Web/sites/siteName",
            "kind": "app",
            "location": "West US",
            "name": "siteName",
            "properties": Object {
              "adminEnabled": true,
              "availabilityState": 0,
              "clientAffinityEnabled": true,
              "clientCertEnabled": false,
              "containerSize": 0,
              "contentAvailabilityState": 0,
              "dailyMemoryTimeQuota": 0,
              "defaultHostName": "siteName.azurewebsites.net",
              "deploymentId": "siteName",
              "enabled": true,
              "enabledHostNames": Array [
                "siteName.azurewebsites.net",
                "siteName.scm.azurewebsites.net",
              ],
              "homeStamp": "waws-prod-bay-061",
              "hostNameSslStates": Array [
                Object {
                  "hostType": 0,
                  "ipBasedSslState": 0,
                  "name": "siteName.azurewebsites.net",
                  "sslState": 0,
                },
                Object {
                  "hostType": 1,
                  "ipBasedSslState": 0,
                  "name": "siteName.scm.azurewebsites.net",
                  "sslState": 0,
                },
              ],
              "hostNames": Array [
                "siteName.azurewebsites.net",
              ],
              "hostNamesDisabled": false,
              "httpsOnly": false,
              "isXenon": false,
              "kind": "app",
              "lastModifiedTimeUtc": "2018-10-14T06:37:18.417",
              "name": "siteName",
              "outboundIpAddresses": "40.118.255.137,40.118.255.231,40.118.250.218,40.118.252.35",
              "possibleOutboundIpAddresses": "40.118.255.137,40.118.255.231,40.118.250.218,40.118.252.35,40.118.255.137,40.118.255.231,40.118.250.218,40.118.252.35",
              "repositorySiteName": "siteName",
              "reserved": false,
              "resourceGroup": "rg",
              "runtimeAvailabilityState": 0,
              "scmSiteAlsoStopped": false,
              "selfLink": "https://waws-prod-bay-061.api.azurewebsites.windows.net:454/subscriptions/subid/webspaces/ZUMO-Not-Delete-WestUSwebspace/sites/siteName",
              "serverFarmId": "/subscriptions/subid/resourceGroups/ZUMO-Not-Delete/providers/Microsoft.Web/serverfarms/DefaultTier1ServerFarm",
              "siteDisabledReason": 0,
              "siteProperties": Object {
                "properties": Array [
                  Object {
                    "name": "LinuxFxVersion",
                    "value": "",
                  },
                  Object {
                    "name": "WindowsFxVersion",
                    "value": "",
                  },
                ],
              },
              "sku": "Standard",
              "state": "Running",
              "storageRecoveryDefaultState": "Running",
              "usageState": 0,
              "webSpace": "",
            },
            "type": "Microsoft.Web/sites",
          },
          "virtualApplications": Array [
            Object {
              "physicalPath": "site\\\\wwwroot",
              "preloadEnabled": false,
              "virtualDirectories": Array [],
              "virtualDirectory": false,
              "virtualPath": "/",
            },
          ],
        },
        "isInitialValid": false,
        "onSubmit": [Function],
        "validateOnBlur": true,
        "validateOnChange": true,
      },
      "ref": null,
      "rendered": [Function],
      "type": [Function],
    },
  ],
  Symbol(enzyme.__options__): Object {
    "adapter": ReactSixteenAdapter {
      "options": Object {
        "enableComponentDidUpdateOnSetState": true,
        "lifecycles": Object {
          "componentDidUpdate": Object {
            "onSetState": true,
          },
          "getDerivedStateFromProps": true,
          "getSnapshotBeforeUpdate": true,
          "setState": Object {
            "skipsComponentDidUpdateOnNullish": true,
          },
        },
      },
    },
  },
}
`;
